[     112ms] [LOG] %c[Vercel Speed Insights]%c [vitals] color: rgb(120, 120, 120) color: inherit {speed: 4g, metrics: Array(3), scriptVersion: 0.1.3, sdkName: @vercel/speed-insights/astro, sdkVersion: 1.3.1} /_vercel/speed-insights/vitals @ https://va.vercel-scripts.com/v1/speed-insights/script.debug.js:0
[     113ms] [LOG] %c[Vercel Speed Insights]%c [vitals] color: rgb(120, 120, 120) color: inherit {speed: 4g, metrics: Array(1), scriptVersion: 0.1.3, sdkName: @vercel/speed-insights/astro, sdkVersion: 1.3.1} /_vercel/speed-insights/vitals @ https://va.vercel-scripts.com/v1/speed-insights/script.debug.js:0
[     330ms] [LOG] %c[Vercel Web Analytics]%c Debug mode is enabled by default in development. No requests will be sent to the server. color: rgb(120, 120, 120) color: inherit @ https://va.vercel-scripts.com/v1/script.debug.js:0
[     330ms] [LOG] %c[Vercel Web Analytics]%c Running queued event color: rgb(120, 120, 120) color: inherit pageview {route: /, path: /} @ https://va.vercel-scripts.com/v1/script.debug.js:0
[     331ms] [LOG] %c[Vercel Web Analytics]%c [view] http://localhost:4321/ color: rgb(120, 120, 120) color: inherit {o: http://localhost:4321/, sv: 0.1.3, sdkn: @vercel/analytics/astro, sdkv: 1.6.1, ts: 1778292225071} /_vercel/insights/view @ https://va.vercel-scripts.com/v1/script.debug.js:0
[     331ms] [LOG] %c[Vercel Speed Insights]%c Debug mode is enabled by default in development. No requests will be sent to the server. color: rgb(120, 120, 120) color: inherit @ https://va.vercel-scripts.com/v1/speed-insights/script.debug.js:0
[  352970ms] [LOG] %c[Vercel Speed Insights]%c [vitals] color: rgb(120, 120, 120) color: inherit {speed: 4g, metrics: Array(3), scriptVersion: 0.1.3, sdkName: @vercel/speed-insights/astro, sdkVersion: 1.3.1} /_vercel/speed-insights/vitals @ https://va.vercel-scripts.com/v1/speed-insights/script.debug.js:0
[  352971ms] [LOG] %c[Vercel Speed Insights]%c [vitals] color: rgb(120, 120, 120) color: inherit {speed: 4g, metrics: Array(1), scriptVersion: 0.1.3, sdkName: @vercel/speed-insights/astro, sdkVersion: 1.3.1} /_vercel/speed-insights/vitals @ https://va.vercel-scripts.com/v1/speed-insights/script.debug.js:0
[  353212ms] [LOG] %c[Vercel Web Analytics]%c Debug mode is enabled by default in development. No requests will be sent to the server. color: rgb(120, 120, 120) color: inherit @ https://va.vercel-scripts.com/v1/script.debug.js:0
[  353212ms] [LOG] %c[Vercel Web Analytics]%c Running queued event color: rgb(120, 120, 120) color: inherit pageview {route: /, path: /} @ https://va.vercel-scripts.com/v1/script.debug.js:0
[  353212ms] [LOG] %c[Vercel Web Analytics]%c [view] http://localhost:4321/ color: rgb(120, 120, 120) color: inherit {o: http://localhost:4321/, sv: 0.1.3, sdkn: @vercel/analytics/astro, sdkv: 1.6.1, ts: 1778292577953} /_vercel/insights/view @ https://va.vercel-scripts.com/v1/script.debug.js:0
[  353215ms] [LOG] %c[Vercel Speed Insights]%c Debug mode is enabled by default in development. No requests will be sent to the server. color: rgb(120, 120, 120) color: inherit @ https://va.vercel-scripts.com/v1/speed-insights/script.debug.js:0
[  365994ms] [LOG] %c[Vercel Speed Insights]%c [vitals] color: rgb(120, 120, 120) color: inherit {speed: 4g, metrics: Array(3), scriptVersion: 0.1.3, sdkName: @vercel/speed-insights/astro, sdkVersion: 1.3.1} /_vercel/speed-insights/vitals @ https://va.vercel-scripts.com/v1/speed-insights/script.debug.js:0
[  365994ms] [LOG] %c[Vercel Speed Insights]%c [vitals] color: rgb(120, 120, 120) color: inherit {speed: 4g, metrics: Array(1), scriptVersion: 0.1.3, sdkName: @vercel/speed-insights/astro, sdkVersion: 1.3.1} /_vercel/speed-insights/vitals @ https://va.vercel-scripts.com/v1/speed-insights/script.debug.js:0
[  366238ms] [LOG] %c[Vercel Web Analytics]%c Debug mode is enabled by default in development. No requests will be sent to the server. color: rgb(120, 120, 120) color: inherit @ https://va.vercel-scripts.com/v1/script.debug.js:0
[  366238ms] [LOG] %c[Vercel Web Analytics]%c Running queued event color: rgb(120, 120, 120) color: inherit pageview {route: /, path: /} @ https://va.vercel-scripts.com/v1/script.debug.js:0
[  366238ms] [LOG] %c[Vercel Web Analytics]%c [view] http://localhost:4321/ color: rgb(120, 120, 120) color: inherit {o: http://localhost:4321/, sv: 0.1.3, sdkn: @vercel/analytics/astro, sdkv: 1.6.1, ts: 1778292590979} /_vercel/insights/view @ https://va.vercel-scripts.com/v1/script.debug.js:0
[  366238ms] [LOG] %c[Vercel Speed Insights]%c Debug mode is enabled by default in development. No requests will be sent to the server. color: rgb(120, 120, 120) color: inherit @ https://va.vercel-scripts.com/v1/speed-insights/script.debug.js:0
[  366963ms] [LOG] %c[Vercel Speed Insights]%c [vitals] color: rgb(120, 120, 120) color: inherit {speed: 4g, metrics: Array(3), scriptVersion: 0.1.3, sdkName: @vercel/speed-insights/astro, sdkVersion: 1.3.1} /_vercel/speed-insights/vitals @ https://va.vercel-scripts.com/v1/speed-insights/script.debug.js:0
[  366963ms] [LOG] %c[Vercel Speed Insights]%c [vitals] color: rgb(120, 120, 120) color: inherit {speed: 4g, metrics: Array(1), scriptVersion: 0.1.3, sdkName: @vercel/speed-insights/astro, sdkVersion: 1.3.1} /_vercel/speed-insights/vitals @ https://va.vercel-scripts.com/v1/speed-insights/script.debug.js:0
[  367193ms] [LOG] %c[Vercel Web Analytics]%c Debug mode is enabled by default in development. No requests will be sent to the server. color: rgb(120, 120, 120) color: inherit @ https://va.vercel-scripts.com/v1/script.debug.js:0
[  367193ms] [LOG] %c[Vercel Web Analytics]%c Running queued event color: rgb(120, 120, 120) color: inherit pageview {route: /, path: /} @ https://va.vercel-scripts.com/v1/script.debug.js:0
[  367193ms] [LOG] %c[Vercel Web Analytics]%c [view] http://localhost:4321/ color: rgb(120, 120, 120) color: inherit {o: http://localhost:4321/, sv: 0.1.3, sdkn: @vercel/analytics/astro, sdkv: 1.6.1, ts: 1778292591934} /_vercel/insights/view @ https://va.vercel-scripts.com/v1/script.debug.js:0
[  367193ms] [LOG] %c[Vercel Speed Insights]%c Debug mode is enabled by default in development. No requests will be sent to the server. color: rgb(120, 120, 120) color: inherit @ https://va.vercel-scripts.com/v1/speed-insights/script.debug.js:0
[  457004ms] [LOG] %c[Vercel Speed Insights]%c [vitals] color: rgb(120, 120, 120) color: inherit {speed: 4g, metrics: Array(3), scriptVersion: 0.1.3, sdkName: @vercel/speed-insights/astro, sdkVersion: 1.3.1} /_vercel/speed-insights/vitals @ https://va.vercel-scripts.com/v1/speed-insights/script.debug.js:0
[  457005ms] [LOG] %c[Vercel Speed Insights]%c [vitals] color: rgb(120, 120, 120) color: inherit {speed: 4g, metrics: Array(1), scriptVersion: 0.1.3, sdkName: @vercel/speed-insights/astro, sdkVersion: 1.3.1} /_vercel/speed-insights/vitals @ https://va.vercel-scripts.com/v1/speed-insights/script.debug.js:0
[  457449ms] [LOG] %c[Vercel Web Analytics]%c Debug mode is enabled by default in development. No requests will be sent to the server. color: rgb(120, 120, 120) color: inherit @ https://va.vercel-scripts.com/v1/script.debug.js:0
[  457449ms] [LOG] %c[Vercel Web Analytics]%c Running queued event color: rgb(120, 120, 120) color: inherit pageview {route: /, path: /} @ https://va.vercel-scripts.com/v1/script.debug.js:0
[  457450ms] [LOG] %c[Vercel Web Analytics]%c [view] http://localhost:4321/ color: rgb(120, 120, 120) color: inherit {o: http://localhost:4321/, sv: 0.1.3, sdkn: @vercel/analytics/astro, sdkv: 1.6.1, ts: 1778292682190} /_vercel/insights/view @ https://va.vercel-scripts.com/v1/script.debug.js:0
[  457450ms] [LOG] %c[Vercel Speed Insights]%c Debug mode is enabled by default in development. No requests will be sent to the server. color: rgb(120, 120, 120) color: inherit @ https://va.vercel-scripts.com/v1/speed-insights/script.debug.js:0
[  458636ms] [LOG] %c[Vercel Speed Insights]%c [vitals] color: rgb(120, 120, 120) color: inherit {speed: 4g, metrics: Array(3), scriptVersion: 0.1.3, sdkName: @vercel/speed-insights/astro, sdkVersion: 1.3.1} /_vercel/speed-insights/vitals @ https://va.vercel-scripts.com/v1/speed-insights/script.debug.js:0
[  458637ms] [LOG] %c[Vercel Speed Insights]%c [vitals] color: rgb(120, 120, 120) color: inherit {speed: 4g, metrics: Array(1), scriptVersion: 0.1.3, sdkName: @vercel/speed-insights/astro, sdkVersion: 1.3.1} /_vercel/speed-insights/vitals @ https://va.vercel-scripts.com/v1/speed-insights/script.debug.js:0
[  459086ms] [LOG] %c[Vercel Web Analytics]%c Debug mode is enabled by default in development. No requests will be sent to the server. color: rgb(120, 120, 120) color: inherit @ https://va.vercel-scripts.com/v1/script.debug.js:0
[  459086ms] [LOG] %c[Vercel Web Analytics]%c Running queued event color: rgb(120, 120, 120) color: inherit pageview {route: /, path: /} @ https://va.vercel-scripts.com/v1/script.debug.js:0
[  459087ms] [LOG] %c[Vercel Web Analytics]%c [view] http://localhost:4321/ color: rgb(120, 120, 120) color: inherit {o: http://localhost:4321/, sv: 0.1.3, sdkn: @vercel/analytics/astro, sdkv: 1.6.1, ts: 1778292683827} /_vercel/insights/view @ https://va.vercel-scripts.com/v1/script.debug.js:0
[  459087ms] [LOG] %c[Vercel Speed Insights]%c Debug mode is enabled by default in development. No requests will be sent to the server. color: rgb(120, 120, 120) color: inherit @ https://va.vercel-scripts.com/v1/speed-insights/script.debug.js:0
[ 1002983ms] [LOG] %c[Vercel Speed Insights]%c [vitals] color: rgb(120, 120, 120) color: inherit {speed: 4g, metrics: Array(3), scriptVersion: 0.1.3, sdkName: @vercel/speed-insights/astro, sdkVersion: 1.3.1} /_vercel/speed-insights/vitals @ https://va.vercel-scripts.com/v1/speed-insights/script.debug.js:0
[ 1002983ms] [LOG] %c[Vercel Speed Insights]%c [vitals] color: rgb(120, 120, 120) color: inherit {speed: 4g, metrics: Array(1), scriptVersion: 0.1.3, sdkName: @vercel/speed-insights/astro, sdkVersion: 1.3.1} /_vercel/speed-insights/vitals @ https://va.vercel-scripts.com/v1/speed-insights/script.debug.js:0
[ 1003390ms] [LOG] %c[Vercel Web Analytics]%c Debug mode is enabled by default in development. No requests will be sent to the server. color: rgb(120, 120, 120) color: inherit @ https://va.vercel-scripts.com/v1/script.debug.js:0
[ 1003390ms] [LOG] %c[Vercel Web Analytics]%c Running queued event color: rgb(120, 120, 120) color: inherit pageview {route: /, path: /} @ https://va.vercel-scripts.com/v1/script.debug.js:0
[ 1003390ms] [LOG] %c[Vercel Web Analytics]%c [view] http://localhost:4321/ color: rgb(120, 120, 120) color: inherit {o: http://localhost:4321/, sv: 0.1.3, sdkn: @vercel/analytics/astro, sdkv: 1.6.1, ts: 1778293228130} /_vercel/insights/view @ https://va.vercel-scripts.com/v1/script.debug.js:0
[ 1003390ms] [LOG] %c[Vercel Speed Insights]%c Debug mode is enabled by default in development. No requests will be sent to the server. color: rgb(120, 120, 120) color: inherit @ https://va.vercel-scripts.com/v1/speed-insights/script.debug.js:0
[ 1007741ms] [LOG] %c[Vercel Speed Insights]%c [vitals] color: rgb(120, 120, 120) color: inherit {speed: 4g, metrics: Array(3), scriptVersion: 0.1.3, sdkName: @vercel/speed-insights/astro, sdkVersion: 1.3.1} /_vercel/speed-insights/vitals @ https://va.vercel-scripts.com/v1/speed-insights/script.debug.js:0
[ 1007741ms] [LOG] %c[Vercel Speed Insights]%c [vitals] color: rgb(120, 120, 120) color: inherit {speed: 4g, metrics: Array(1), scriptVersion: 0.1.3, sdkName: @vercel/speed-insights/astro, sdkVersion: 1.3.1} /_vercel/speed-insights/vitals @ https://va.vercel-scripts.com/v1/speed-insights/script.debug.js:0
[ 1007995ms] [LOG] %c[Vercel Web Analytics]%c Debug mode is enabled by default in development. No requests will be sent to the server. color: rgb(120, 120, 120) color: inherit @ https://va.vercel-scripts.com/v1/script.debug.js:0
[ 1007995ms] [LOG] %c[Vercel Web Analytics]%c Running queued event color: rgb(120, 120, 120) color: inherit pageview {route: /, path: /} @ https://va.vercel-scripts.com/v1/script.debug.js:0
[ 1007995ms] [LOG] %c[Vercel Web Analytics]%c [view] http://localhost:4321/ color: rgb(120, 120, 120) color: inherit {o: http://localhost:4321/, sv: 0.1.3, sdkn: @vercel/analytics/astro, sdkv: 1.6.1, ts: 1778293232736} /_vercel/insights/view @ https://va.vercel-scripts.com/v1/script.debug.js:0
[ 1007995ms] [LOG] %c[Vercel Speed Insights]%c Debug mode is enabled by default in development. No requests will be sent to the server. color: rgb(120, 120, 120) color: inherit @ https://va.vercel-scripts.com/v1/speed-insights/script.debug.js:0
[ 1014098ms] [LOG] %c[Vercel Speed Insights]%c [vitals] color: rgb(120, 120, 120) color: inherit {speed: 4g, metrics: Array(3), scriptVersion: 0.1.3, sdkName: @vercel/speed-insights/astro, sdkVersion: 1.3.1} /_vercel/speed-insights/vitals @ https://va.vercel-scripts.com/v1/speed-insights/script.debug.js:0
[ 1014099ms] [LOG] %c[Vercel Speed Insights]%c [vitals] color: rgb(120, 120, 120) color: inherit {speed: 4g, metrics: Array(1), scriptVersion: 0.1.3, sdkName: @vercel/speed-insights/astro, sdkVersion: 1.3.1} /_vercel/speed-insights/vitals @ https://va.vercel-scripts.com/v1/speed-insights/script.debug.js:0
[ 1014400ms] [LOG] %c[Vercel Web Analytics]%c Debug mode is enabled by default in development. No requests will be sent to the server. color: rgb(120, 120, 120) color: inherit @ https://va.vercel-scripts.com/v1/script.debug.js:0
[ 1014400ms] [LOG] %c[Vercel Web Analytics]%c Running queued event color: rgb(120, 120, 120) color: inherit pageview {route: /, path: /} @ https://va.vercel-scripts.com/v1/script.debug.js:0
[ 1014400ms] [LOG] %c[Vercel Web Analytics]%c [view] http://localhost:4321/ color: rgb(120, 120, 120) color: inherit {o: http://localhost:4321/, sv: 0.1.3, sdkn: @vercel/analytics/astro, sdkv: 1.6.1, ts: 1778293239141} /_vercel/insights/view @ https://va.vercel-scripts.com/v1/script.debug.js:0
[ 1014400ms] [LOG] %c[Vercel Speed Insights]%c Debug mode is enabled by default in development. No requests will be sent to the server. color: rgb(120, 120, 120) color: inherit @ https://va.vercel-scripts.com/v1/speed-insights/script.debug.js:0
[ 1053087ms] [LOG] %c[Vercel Speed Insights]%c [vitals] color: rgb(120, 120, 120) color: inherit {speed: 4g, metrics: Array(3), scriptVersion: 0.1.3, sdkName: @vercel/speed-insights/astro, sdkVersion: 1.3.1} /_vercel/speed-insights/vitals @ https://va.vercel-scripts.com/v1/speed-insights/script.debug.js:0
[ 1053087ms] [LOG] %c[Vercel Speed Insights]%c [vitals] color: rgb(120, 120, 120) color: inherit {speed: 4g, metrics: Array(1), scriptVersion: 0.1.3, sdkName: @vercel/speed-insights/astro, sdkVersion: 1.3.1} /_vercel/speed-insights/vitals @ https://va.vercel-scripts.com/v1/speed-insights/script.debug.js:0
[ 1053581ms] [LOG] %c[Vercel Web Analytics]%c Debug mode is enabled by default in development. No requests will be sent to the server. color: rgb(120, 120, 120) color: inherit @ https://va.vercel-scripts.com/v1/script.debug.js:0
[ 1053581ms] [LOG] %c[Vercel Web Analytics]%c Running queued event color: rgb(120, 120, 120) color: inherit pageview {route: /, path: /} @ https://va.vercel-scripts.com/v1/script.debug.js:0
[ 1053581ms] [LOG] %c[Vercel Web Analytics]%c [view] http://localhost:4321/ color: rgb(120, 120, 120) color: inherit {o: http://localhost:4321/, sv: 0.1.3, sdkn: @vercel/analytics/astro, sdkv: 1.6.1, ts: 1778293278322} /_vercel/insights/view @ https://va.vercel-scripts.com/v1/script.debug.js:0
[ 1053582ms] [LOG] %c[Vercel Speed Insights]%c Debug mode is enabled by default in development. No requests will be sent to the server. color: rgb(120, 120, 120) color: inherit @ https://va.vercel-scripts.com/v1/speed-insights/script.debug.js:0
[ 1178375ms] [LOG] %c[Vercel Speed Insights]%c [vitals] color: rgb(120, 120, 120) color: inherit {speed: 4g, metrics: Array(3), scriptVersion: 0.1.3, sdkName: @vercel/speed-insights/astro, sdkVersion: 1.3.1} /_vercel/speed-insights/vitals @ https://va.vercel-scripts.com/v1/speed-insights/script.debug.js:0
[ 1178378ms] [LOG] %c[Vercel Speed Insights]%c [vitals] color: rgb(120, 120, 120) color: inherit {speed: 4g, metrics: Array(1), scriptVersion: 0.1.3, sdkName: @vercel/speed-insights/astro, sdkVersion: 1.3.1} /_vercel/speed-insights/vitals @ https://va.vercel-scripts.com/v1/speed-insights/script.debug.js:0
[ 1178759ms] [LOG] %c[Vercel Web Analytics]%c Debug mode is enabled by default in development. No requests will be sent to the server. color: rgb(120, 120, 120) color: inherit @ https://va.vercel-scripts.com/v1/script.debug.js:0
[ 1178760ms] [LOG] %c[Vercel Web Analytics]%c Running queued event color: rgb(120, 120, 120) color: inherit pageview {route: /, path: /} @ https://va.vercel-scripts.com/v1/script.debug.js:0
[ 1178760ms] [LOG] %c[Vercel Web Analytics]%c [view] http://localhost:4321/ color: rgb(120, 120, 120) color: inherit {o: http://localhost:4321/, sv: 0.1.3, sdkn: @vercel/analytics/astro, sdkv: 1.6.1, ts: 1778293403500} /_vercel/insights/view @ https://va.vercel-scripts.com/v1/script.debug.js:0
[ 1178760ms] [LOG] %c[Vercel Speed Insights]%c Debug mode is enabled by default in development. No requests will be sent to the server. color: rgb(120, 120, 120) color: inherit @ https://va.vercel-scripts.com/v1/speed-insights/script.debug.js:0
[ 1202052ms] [LOG] %c[Vercel Speed Insights]%c [vitals] color: rgb(120, 120, 120) color: inherit {speed: 4g, metrics: Array(3), scriptVersion: 0.1.3, sdkName: @vercel/speed-insights/astro, sdkVersion: 1.3.1} /_vercel/speed-insights/vitals @ https://va.vercel-scripts.com/v1/speed-insights/script.debug.js:0
[ 1202052ms] [LOG] %c[Vercel Speed Insights]%c [vitals] color: rgb(120, 120, 120) color: inherit {speed: 4g, metrics: Array(1), scriptVersion: 0.1.3, sdkName: @vercel/speed-insights/astro, sdkVersion: 1.3.1} /_vercel/speed-insights/vitals @ https://va.vercel-scripts.com/v1/speed-insights/script.debug.js:0
[ 1202523ms] [LOG] %c[Vercel Web Analytics]%c Debug mode is enabled by default in development. No requests will be sent to the server. color: rgb(120, 120, 120) color: inherit @ https://va.vercel-scripts.com/v1/script.debug.js:0
[ 1202523ms] [LOG] %c[Vercel Web Analytics]%c Running queued event color: rgb(120, 120, 120) color: inherit pageview {route: /, path: /} @ https://va.vercel-scripts.com/v1/script.debug.js:0
[ 1202523ms] [LOG] %c[Vercel Web Analytics]%c [view] http://localhost:4321/ color: rgb(120, 120, 120) color: inherit {o: http://localhost:4321/, sv: 0.1.3, sdkn: @vercel/analytics/astro, sdkv: 1.6.1, ts: 1778293427264} /_vercel/insights/view @ https://va.vercel-scripts.com/v1/script.debug.js:0
[ 1202523ms] [LOG] %c[Vercel Speed Insights]%c Debug mode is enabled by default in development. No requests will be sent to the server. color: rgb(120, 120, 120) color: inherit @ https://va.vercel-scripts.com/v1/speed-insights/script.debug.js:0
[ 1259894ms] [LOG] %c[Vercel Speed Insights]%c [vitals] color: rgb(120, 120, 120) color: inherit {speed: 4g, metrics: Array(3), scriptVersion: 0.1.3, sdkName: @vercel/speed-insights/astro, sdkVersion: 1.3.1} /_vercel/speed-insights/vitals @ https://va.vercel-scripts.com/v1/speed-insights/script.debug.js:0
[ 1259896ms] [LOG] %c[Vercel Speed Insights]%c [vitals] color: rgb(120, 120, 120) color: inherit {speed: 4g, metrics: Array(1), scriptVersion: 0.1.3, sdkName: @vercel/speed-insights/astro, sdkVersion: 1.3.1} /_vercel/speed-insights/vitals @ https://va.vercel-scripts.com/v1/speed-insights/script.debug.js:0
[ 1260384ms] [LOG] %c[Vercel Web Analytics]%c Debug mode is enabled by default in development. No requests will be sent to the server. color: rgb(120, 120, 120) color: inherit @ https://va.vercel-scripts.com/v1/script.debug.js:0
[ 1260384ms] [LOG] %c[Vercel Web Analytics]%c Running queued event color: rgb(120, 120, 120) color: inherit pageview {route: /, path: /} @ https://va.vercel-scripts.com/v1/script.debug.js:0
[ 1260384ms] [LOG] %c[Vercel Web Analytics]%c [view] http://localhost:4321/ color: rgb(120, 120, 120) color: inherit {o: http://localhost:4321/, sv: 0.1.3, sdkn: @vercel/analytics/astro, sdkv: 1.6.1, ts: 1778293485124} /_vercel/insights/view @ https://va.vercel-scripts.com/v1/script.debug.js:0
[ 1260384ms] [LOG] %c[Vercel Speed Insights]%c Debug mode is enabled by default in development. No requests will be sent to the server. color: rgb(120, 120, 120) color: inherit @ https://va.vercel-scripts.com/v1/speed-insights/script.debug.js:0
[ 1271199ms] [LOG] %c[Vercel Speed Insights]%c [vitals] color: rgb(120, 120, 120) color: inherit {speed: 4g, metrics: Array(3), scriptVersion: 0.1.3, sdkName: @vercel/speed-insights/astro, sdkVersion: 1.3.1} /_vercel/speed-insights/vitals @ https://va.vercel-scripts.com/v1/speed-insights/script.debug.js:0
[ 1271201ms] [LOG] %c[Vercel Speed Insights]%c [vitals] color: rgb(120, 120, 120) color: inherit {speed: 4g, metrics: Array(1), scriptVersion: 0.1.3, sdkName: @vercel/speed-insights/astro, sdkVersion: 1.3.1} /_vercel/speed-insights/vitals @ https://va.vercel-scripts.com/v1/speed-insights/script.debug.js:0
[ 1271585ms] [LOG] %c[Vercel Web Analytics]%c Debug mode is enabled by default in development. No requests will be sent to the server. color: rgb(120, 120, 120) color: inherit @ https://va.vercel-scripts.com/v1/script.debug.js:0
[ 1271585ms] [LOG] %c[Vercel Web Analytics]%c Running queued event color: rgb(120, 120, 120) color: inherit pageview {route: /, path: /} @ https://va.vercel-scripts.com/v1/script.debug.js:0
[ 1271585ms] [LOG] %c[Vercel Web Analytics]%c [view] http://localhost:4321/ color: rgb(120, 120, 120) color: inherit {o: http://localhost:4321/, sv: 0.1.3, sdkn: @vercel/analytics/astro, sdkv: 1.6.1, ts: 1778293496326} /_vercel/insights/view @ https://va.vercel-scripts.com/v1/script.debug.js:0
[ 1271585ms] [LOG] %c[Vercel Speed Insights]%c Debug mode is enabled by default in development. No requests will be sent to the server. color: rgb(120, 120, 120) color: inherit @ https://va.vercel-scripts.com/v1/speed-insights/script.debug.js:0
[ 1278169ms] [LOG] %c[Vercel Speed Insights]%c [vitals] color: rgb(120, 120, 120) color: inherit {speed: 4g, metrics: Array(3), scriptVersion: 0.1.3, sdkName: @vercel/speed-insights/astro, sdkVersion: 1.3.1} /_vercel/speed-insights/vitals @ https://va.vercel-scripts.com/v1/speed-insights/script.debug.js:0
[ 1278169ms] [LOG] %c[Vercel Speed Insights]%c [vitals] color: rgb(120, 120, 120) color: inherit {speed: 4g, metrics: Array(1), scriptVersion: 0.1.3, sdkName: @vercel/speed-insights/astro, sdkVersion: 1.3.1} /_vercel/speed-insights/vitals @ https://va.vercel-scripts.com/v1/speed-insights/script.debug.js:0
[ 1278554ms] [LOG] %c[Vercel Web Analytics]%c Debug mode is enabled by default in development. No requests will be sent to the server. color: rgb(120, 120, 120) color: inherit @ https://va.vercel-scripts.com/v1/script.debug.js:0
[ 1278554ms] [LOG] %c[Vercel Web Analytics]%c Running queued event color: rgb(120, 120, 120) color: inherit pageview {route: /, path: /} @ https://va.vercel-scripts.com/v1/script.debug.js:0
[ 1278555ms] [LOG] %c[Vercel Web Analytics]%c [view] http://localhost:4321/ color: rgb(120, 120, 120) color: inherit {o: http://localhost:4321/, sv: 0.1.3, sdkn: @vercel/analytics/astro, sdkv: 1.6.1, ts: 1778293503295} /_vercel/insights/view @ https://va.vercel-scripts.com/v1/script.debug.js:0
[ 1278555ms] [LOG] %c[Vercel Speed Insights]%c Debug mode is enabled by default in development. No requests will be sent to the server. color: rgb(120, 120, 120) color: inherit @ https://va.vercel-scripts.com/v1/speed-insights/script.debug.js:0
[ 1299329ms] [LOG] %c[Vercel Speed Insights]%c [vitals] color: rgb(120, 120, 120) color: inherit {speed: 4g, metrics: Array(3), scriptVersion: 0.1.3, sdkName: @vercel/speed-insights/astro, sdkVersion: 1.3.1} /_vercel/speed-insights/vitals @ https://va.vercel-scripts.com/v1/speed-insights/script.debug.js:0
[ 1299330ms] [LOG] %c[Vercel Speed Insights]%c [vitals] color: rgb(120, 120, 120) color: inherit {speed: 4g, metrics: Array(1), scriptVersion: 0.1.3, sdkName: @vercel/speed-insights/astro, sdkVersion: 1.3.1} /_vercel/speed-insights/vitals @ https://va.vercel-scripts.com/v1/speed-insights/script.debug.js:0
[ 1299848ms] [LOG] %c[Vercel Web Analytics]%c Debug mode is enabled by default in development. No requests will be sent to the server. color: rgb(120, 120, 120) color: inherit @ https://va.vercel-scripts.com/v1/script.debug.js:0
[ 1299848ms] [LOG] %c[Vercel Web Analytics]%c Running queued event color: rgb(120, 120, 120) color: inherit pageview {route: /, path: /} @ https://va.vercel-scripts.com/v1/script.debug.js:0
[ 1299849ms] [LOG] %c[Vercel Web Analytics]%c [view] http://localhost:4321/ color: rgb(120, 120, 120) color: inherit {o: http://localhost:4321/, sv: 0.1.3, sdkn: @vercel/analytics/astro, sdkv: 1.6.1, ts: 1778293524589} /_vercel/insights/view @ https://va.vercel-scripts.com/v1/script.debug.js:0
[ 1299849ms] [LOG] %c[Vercel Speed Insights]%c Debug mode is enabled by default in development. No requests will be sent to the server. color: rgb(120, 120, 120) color: inherit @ https://va.vercel-scripts.com/v1/speed-insights/script.debug.js:0
[ 1518732ms] [LOG] %c[Vercel Speed Insights]%c [vitals] color: rgb(120, 120, 120) color: inherit {speed: 4g, metrics: Array(3), scriptVersion: 0.1.3, sdkName: @vercel/speed-insights/astro, sdkVersion: 1.3.1} /_vercel/speed-insights/vitals @ https://va.vercel-scripts.com/v1/speed-insights/script.debug.js:0
[ 1518733ms] [LOG] %c[Vercel Speed Insights]%c [vitals] color: rgb(120, 120, 120) color: inherit {speed: 4g, metrics: Array(1), scriptVersion: 0.1.3, sdkName: @vercel/speed-insights/astro, sdkVersion: 1.3.1} /_vercel/speed-insights/vitals @ https://va.vercel-scripts.com/v1/speed-insights/script.debug.js:0
[ 1519094ms] [ERROR] Failed to load resource: the server responded with a status of 500 (Internal Server Error) @ http://localhost:4321/src/components/Header.astro?astro&type=script&index=0&lang.ts:0
[ 1519170ms] [LOG] %c[Vercel Web Analytics]%c Debug mode is enabled by default in development. No requests will be sent to the server. color: rgb(120, 120, 120) color: inherit @ https://va.vercel-scripts.com/v1/script.debug.js:0
[ 1519170ms] [LOG] %c[Vercel Web Analytics]%c Running queued event color: rgb(120, 120, 120) color: inherit pageview {route: /, path: /} @ https://va.vercel-scripts.com/v1/script.debug.js:0
[ 1519170ms] [LOG] %c[Vercel Web Analytics]%c [view] http://localhost:4321/ color: rgb(120, 120, 120) color: inherit {o: http://localhost:4321/, sv: 0.1.3, sdkn: @vercel/analytics/astro, sdkv: 1.6.1, ts: 1778293743911} /_vercel/insights/view @ https://va.vercel-scripts.com/v1/script.debug.js:0
[ 1519170ms] [LOG] %c[Vercel Speed Insights]%c Debug mode is enabled by default in development. No requests will be sent to the server. color: rgb(120, 120, 120) color: inherit @ https://va.vercel-scripts.com/v1/speed-insights/script.debug.js:0
[ 1532354ms] [LOG] %c[Vercel Speed Insights]%c [vitals] color: rgb(120, 120, 120) color: inherit {speed: 4g, metrics: Array(3), scriptVersion: 0.1.3, sdkName: @vercel/speed-insights/astro, sdkVersion: 1.3.1} /_vercel/speed-insights/vitals @ https://va.vercel-scripts.com/v1/speed-insights/script.debug.js:0
[ 1532354ms] [LOG] %c[Vercel Speed Insights]%c [vitals] color: rgb(120, 120, 120) color: inherit {speed: 4g, metrics: Array(1), scriptVersion: 0.1.3, sdkName: @vercel/speed-insights/astro, sdkVersion: 1.3.1} /_vercel/speed-insights/vitals @ https://va.vercel-scripts.com/v1/speed-insights/script.debug.js:0
[ 1532806ms] [LOG] %c[Vercel Web Analytics]%c Debug mode is enabled by default in development. No requests will be sent to the server. color: rgb(120, 120, 120) color: inherit @ https://va.vercel-scripts.com/v1/script.debug.js:0
[ 1532806ms] [LOG] %c[Vercel Web Analytics]%c Running queued event color: rgb(120, 120, 120) color: inherit pageview {route: /, path: /} @ https://va.vercel-scripts.com/v1/script.debug.js:0
[ 1532806ms] [LOG] %c[Vercel Web Analytics]%c [view] http://localhost:4321/ color: rgb(120, 120, 120) color: inherit {o: http://localhost:4321/, sv: 0.1.3, sdkn: @vercel/analytics/astro, sdkv: 1.6.1, ts: 1778293757546} /_vercel/insights/view @ https://va.vercel-scripts.com/v1/script.debug.js:0
[ 1532806ms] [LOG] %c[Vercel Speed Insights]%c Debug mode is enabled by default in development. No requests will be sent to the server. color: rgb(120, 120, 120) color: inherit @ https://va.vercel-scripts.com/v1/speed-insights/script.debug.js:0
[ 1534192ms] [LOG] %c[Vercel Speed Insights]%c [vitals] color: rgb(120, 120, 120) color: inherit {speed: 4g, metrics: Array(3), scriptVersion: 0.1.3, sdkName: @vercel/speed-insights/astro, sdkVersion: 1.3.1} /_vercel/speed-insights/vitals @ https://va.vercel-scripts.com/v1/speed-insights/script.debug.js:0
[ 1534192ms] [LOG] %c[Vercel Speed Insights]%c [vitals] color: rgb(120, 120, 120) color: inherit {speed: 4g, metrics: Array(1), scriptVersion: 0.1.3, sdkName: @vercel/speed-insights/astro, sdkVersion: 1.3.1} /_vercel/speed-insights/vitals @ https://va.vercel-scripts.com/v1/speed-insights/script.debug.js:0
[ 1534503ms] [LOG] %c[Vercel Web Analytics]%c Debug mode is enabled by default in development. No requests will be sent to the server. color: rgb(120, 120, 120) color: inherit @ https://va.vercel-scripts.com/v1/script.debug.js:0
[ 1534503ms] [LOG] %c[Vercel Web Analytics]%c Running queued event color: rgb(120, 120, 120) color: inherit pageview {route: /, path: /} @ https://va.vercel-scripts.com/v1/script.debug.js:0
[ 1534503ms] [LOG] %c[Vercel Web Analytics]%c [view] http://localhost:4321/ color: rgb(120, 120, 120) color: inherit {o: http://localhost:4321/, sv: 0.1.3, sdkn: @vercel/analytics/astro, sdkv: 1.6.1, ts: 1778293759243} /_vercel/insights/view @ https://va.vercel-scripts.com/v1/script.debug.js:0
[ 1534503ms] [LOG] %c[Vercel Speed Insights]%c Debug mode is enabled by default in development. No requests will be sent to the server. color: rgb(120, 120, 120) color: inherit @ https://va.vercel-scripts.com/v1/speed-insights/script.debug.js:0
[ 1539627ms] [LOG] %c[Vercel Speed Insights]%c [vitals] color: rgb(120, 120, 120) color: inherit {speed: 4g, metrics: Array(3), scriptVersion: 0.1.3, sdkName: @vercel/speed-insights/astro, sdkVersion: 1.3.1} /_vercel/speed-insights/vitals @ https://va.vercel-scripts.com/v1/speed-insights/script.debug.js:0
[ 1539627ms] [LOG] %c[Vercel Speed Insights]%c [vitals] color: rgb(120, 120, 120) color: inherit {speed: 4g, metrics: Array(1), scriptVersion: 0.1.3, sdkName: @vercel/speed-insights/astro, sdkVersion: 1.3.1} /_vercel/speed-insights/vitals @ https://va.vercel-scripts.com/v1/speed-insights/script.debug.js:0
[ 1539974ms] [LOG] %c[Vercel Web Analytics]%c Debug mode is enabled by default in development. No requests will be sent to the server. color: rgb(120, 120, 120) color: inherit @ https://va.vercel-scripts.com/v1/script.debug.js:0
[ 1539975ms] [LOG] %c[Vercel Web Analytics]%c Running queued event color: rgb(120, 120, 120) color: inherit pageview {route: /, path: /} @ https://va.vercel-scripts.com/v1/script.debug.js:0
[ 1539975ms] [LOG] %c[Vercel Web Analytics]%c [view] http://localhost:4321/ color: rgb(120, 120, 120) color: inherit {o: http://localhost:4321/, sv: 0.1.3, sdkn: @vercel/analytics/astro, sdkv: 1.6.1, ts: 1778293764715} /_vercel/insights/view @ https://va.vercel-scripts.com/v1/script.debug.js:0
[ 1539975ms] [LOG] %c[Vercel Speed Insights]%c Debug mode is enabled by default in development. No requests will be sent to the server. color: rgb(120, 120, 120) color: inherit @ https://va.vercel-scripts.com/v1/speed-insights/script.debug.js:0
[ 1541226ms] [LOG] %c[Vercel Speed Insights]%c [vitals] color: rgb(120, 120, 120) color: inherit {speed: 4g, metrics: Array(3), scriptVersion: 0.1.3, sdkName: @vercel/speed-insights/astro, sdkVersion: 1.3.1} /_vercel/speed-insights/vitals @ https://va.vercel-scripts.com/v1/speed-insights/script.debug.js:0
[ 1541226ms] [LOG] %c[Vercel Speed Insights]%c [vitals] color: rgb(120, 120, 120) color: inherit {speed: 4g, metrics: Array(1), scriptVersion: 0.1.3, sdkName: @vercel/speed-insights/astro, sdkVersion: 1.3.1} /_vercel/speed-insights/vitals @ https://va.vercel-scripts.com/v1/speed-insights/script.debug.js:0
[ 1541481ms] [LOG] %c[Vercel Web Analytics]%c Debug mode is enabled by default in development. No requests will be sent to the server. color: rgb(120, 120, 120) color: inherit @ https://va.vercel-scripts.com/v1/script.debug.js:0
[ 1541481ms] [LOG] %c[Vercel Web Analytics]%c Running queued event color: rgb(120, 120, 120) color: inherit pageview {route: /, path: /} @ https://va.vercel-scripts.com/v1/script.debug.js:0
[ 1541481ms] [LOG] %c[Vercel Web Analytics]%c [view] http://localhost:4321/ color: rgb(120, 120, 120) color: inherit {o: http://localhost:4321/, sv: 0.1.3, sdkn: @vercel/analytics/astro, sdkv: 1.6.1, ts: 1778293766221} /_vercel/insights/view @ https://va.vercel-scripts.com/v1/script.debug.js:0
[ 1541481ms] [LOG] %c[Vercel Speed Insights]%c Debug mode is enabled by default in development. No requests will be sent to the server. color: rgb(120, 120, 120) color: inherit @ https://va.vercel-scripts.com/v1/speed-insights/script.debug.js:0
[ 1545420ms] [LOG] %c[Vercel Speed Insights]%c [vitals] color: rgb(120, 120, 120) color: inherit {speed: 4g, metrics: Array(3), scriptVersion: 0.1.3, sdkName: @vercel/speed-insights/astro, sdkVersion: 1.3.1} /_vercel/speed-insights/vitals @ https://va.vercel-scripts.com/v1/speed-insights/script.debug.js:0
[ 1545420ms] [LOG] %c[Vercel Speed Insights]%c [vitals] color: rgb(120, 120, 120) color: inherit {speed: 4g, metrics: Array(1), scriptVersion: 0.1.3, sdkName: @vercel/speed-insights/astro, sdkVersion: 1.3.1} /_vercel/speed-insights/vitals @ https://va.vercel-scripts.com/v1/speed-insights/script.debug.js:0
[ 1545735ms] [LOG] %c[Vercel Web Analytics]%c Debug mode is enabled by default in development. No requests will be sent to the server. color: rgb(120, 120, 120) color: inherit @ https://va.vercel-scripts.com/v1/script.debug.js:0
[ 1545735ms] [LOG] %c[Vercel Web Analytics]%c Running queued event color: rgb(120, 120, 120) color: inherit pageview {route: /, path: /} @ https://va.vercel-scripts.com/v1/script.debug.js:0
[ 1545735ms] [LOG] %c[Vercel Web Analytics]%c [view] http://localhost:4321/ color: rgb(120, 120, 120) color: inherit {o: http://localhost:4321/, sv: 0.1.3, sdkn: @vercel/analytics/astro, sdkv: 1.6.1, ts: 1778293770475} /_vercel/insights/view @ https://va.vercel-scripts.com/v1/script.debug.js:0
[ 1545735ms] [LOG] %c[Vercel Speed Insights]%c Debug mode is enabled by default in development. No requests will be sent to the server. color: rgb(120, 120, 120) color: inherit @ https://va.vercel-scripts.com/v1/speed-insights/script.debug.js:0
[ 1547392ms] [LOG] %c[Vercel Speed Insights]%c [vitals] color: rgb(120, 120, 120) color: inherit {speed: 4g, metrics: Array(3), scriptVersion: 0.1.3, sdkName: @vercel/speed-insights/astro, sdkVersion: 1.3.1} /_vercel/speed-insights/vitals @ https://va.vercel-scripts.com/v1/speed-insights/script.debug.js:0
[ 1547392ms] [LOG] %c[Vercel Speed Insights]%c [vitals] color: rgb(120, 120, 120) color: inherit {speed: 4g, metrics: Array(1), scriptVersion: 0.1.3, sdkName: @vercel/speed-insights/astro, sdkVersion: 1.3.1} /_vercel/speed-insights/vitals @ https://va.vercel-scripts.com/v1/speed-insights/script.debug.js:0
[ 1547597ms] [LOG] %c[Vercel Web Analytics]%c Debug mode is enabled by default in development. No requests will be sent to the server. color: rgb(120, 120, 120) color: inherit @ https://va.vercel-scripts.com/v1/script.debug.js:0
[ 1547598ms] [LOG] %c[Vercel Web Analytics]%c Running queued event color: rgb(120, 120, 120) color: inherit pageview {route: /, path: /} @ https://va.vercel-scripts.com/v1/script.debug.js:0
[ 1547598ms] [LOG] %c[Vercel Web Analytics]%c [view] http://localhost:4321/ color: rgb(120, 120, 120) color: inherit {o: http://localhost:4321/, sv: 0.1.3, sdkn: @vercel/analytics/astro, sdkv: 1.6.1, ts: 1778293772338} /_vercel/insights/view @ https://va.vercel-scripts.com/v1/script.debug.js:0
[ 1547598ms] [LOG] %c[Vercel Speed Insights]%c Debug mode is enabled by default in development. No requests will be sent to the server. color: rgb(120, 120, 120) color: inherit @ https://va.vercel-scripts.com/v1/speed-insights/script.debug.js:0
[ 1549578ms] [LOG] %c[Vercel Speed Insights]%c [vitals] color: rgb(120, 120, 120) color: inherit {speed: 4g, metrics: Array(3), scriptVersion: 0.1.3, sdkName: @vercel/speed-insights/astro, sdkVersion: 1.3.1} /_vercel/speed-insights/vitals @ https://va.vercel-scripts.com/v1/speed-insights/script.debug.js:0
[ 1549578ms] [LOG] %c[Vercel Speed Insights]%c [vitals] color: rgb(120, 120, 120) color: inherit {speed: 4g, metrics: Array(1), scriptVersion: 0.1.3, sdkName: @vercel/speed-insights/astro, sdkVersion: 1.3.1} /_vercel/speed-insights/vitals @ https://va.vercel-scripts.com/v1/speed-insights/script.debug.js:0
[ 1549952ms] [LOG] %c[Vercel Web Analytics]%c Debug mode is enabled by default in development. No requests will be sent to the server. color: rgb(120, 120, 120) color: inherit @ https://va.vercel-scripts.com/v1/script.debug.js:0
[ 1549952ms] [LOG] %c[Vercel Web Analytics]%c Running queued event color: rgb(120, 120, 120) color: inherit pageview {route: /, path: /} @ https://va.vercel-scripts.com/v1/script.debug.js:0
[ 1549952ms] [LOG] %c[Vercel Web Analytics]%c [view] http://localhost:4321/ color: rgb(120, 120, 120) color: inherit {o: http://localhost:4321/, sv: 0.1.3, sdkn: @vercel/analytics/astro, sdkv: 1.6.1, ts: 1778293774693} /_vercel/insights/view @ https://va.vercel-scripts.com/v1/script.debug.js:0
[ 1549952ms] [LOG] %c[Vercel Speed Insights]%c Debug mode is enabled by default in development. No requests will be sent to the server. color: rgb(120, 120, 120) color: inherit @ https://va.vercel-scripts.com/v1/speed-insights/script.debug.js:0
[ 1555865ms] [LOG] %c[Vercel Speed Insights]%c [vitals] color: rgb(120, 120, 120) color: inherit {speed: 4g, metrics: Array(3), scriptVersion: 0.1.3, sdkName: @vercel/speed-insights/astro, sdkVersion: 1.3.1} /_vercel/speed-insights/vitals @ https://va.vercel-scripts.com/v1/speed-insights/script.debug.js:0
[ 1555866ms] [LOG] %c[Vercel Speed Insights]%c [vitals] color: rgb(120, 120, 120) color: inherit {speed: 4g, metrics: Array(1), scriptVersion: 0.1.3, sdkName: @vercel/speed-insights/astro, sdkVersion: 1.3.1} /_vercel/speed-insights/vitals @ https://va.vercel-scripts.com/v1/speed-insights/script.debug.js:0
[ 1556186ms] [ERROR] Failed to load resource: the server responded with a status of 500 (Internal Server Error) @ http://localhost:4321/src/components/Header.astro?astro&type=script&index=0&lang.ts:0
[ 1556192ms] [LOG] %c[Vercel Web Analytics]%c Debug mode is enabled by default in development. No requests will be sent to the server. color: rgb(120, 120, 120) color: inherit @ https://va.vercel-scripts.com/v1/script.debug.js:0
[ 1556192ms] [LOG] %c[Vercel Web Analytics]%c Running queued event color: rgb(120, 120, 120) color: inherit pageview {route: /, path: /} @ https://va.vercel-scripts.com/v1/script.debug.js:0
[ 1556192ms] [LOG] %c[Vercel Web Analytics]%c [view] http://localhost:4321/ color: rgb(120, 120, 120) color: inherit {o: http://localhost:4321/, sv: 0.1.3, sdkn: @vercel/analytics/astro, sdkv: 1.6.1, ts: 1778293780933} /_vercel/insights/view @ https://va.vercel-scripts.com/v1/script.debug.js:0
[ 1556192ms] [LOG] %c[Vercel Speed Insights]%c Debug mode is enabled by default in development. No requests will be sent to the server. color: rgb(120, 120, 120) color: inherit @ https://va.vercel-scripts.com/v1/speed-insights/script.debug.js:0
[ 1556988ms] [LOG] %c[Vercel Speed Insights]%c [vitals] color: rgb(120, 120, 120) color: inherit {speed: 4g, metrics: Array(3), scriptVersion: 0.1.3, sdkName: @vercel/speed-insights/astro, sdkVersion: 1.3.1} /_vercel/speed-insights/vitals @ https://va.vercel-scripts.com/v1/speed-insights/script.debug.js:0
[ 1556988ms] [LOG] %c[Vercel Speed Insights]%c [vitals] color: rgb(120, 120, 120) color: inherit {speed: 4g, metrics: Array(1), scriptVersion: 0.1.3, sdkName: @vercel/speed-insights/astro, sdkVersion: 1.3.1} /_vercel/speed-insights/vitals @ https://va.vercel-scripts.com/v1/speed-insights/script.debug.js:0
[ 1557379ms] [LOG] %c[Vercel Web Analytics]%c Debug mode is enabled by default in development. No requests will be sent to the server. color: rgb(120, 120, 120) color: inherit @ https://va.vercel-scripts.com/v1/script.debug.js:0
[ 1557379ms] [LOG] %c[Vercel Web Analytics]%c Running queued event color: rgb(120, 120, 120) color: inherit pageview {route: /, path: /} @ https://va.vercel-scripts.com/v1/script.debug.js:0
[ 1557379ms] [LOG] %c[Vercel Web Analytics]%c [view] http://localhost:4321/ color: rgb(120, 120, 120) color: inherit {o: http://localhost:4321/, sv: 0.1.3, sdkn: @vercel/analytics/astro, sdkv: 1.6.1, ts: 1778293782119} /_vercel/insights/view @ https://va.vercel-scripts.com/v1/script.debug.js:0
[ 1557379ms] [LOG] %c[Vercel Speed Insights]%c Debug mode is enabled by default in development. No requests will be sent to the server. color: rgb(120, 120, 120) color: inherit @ https://va.vercel-scripts.com/v1/speed-insights/script.debug.js:0
[ 1558489ms] [LOG] %c[Vercel Speed Insights]%c [vitals] color: rgb(120, 120, 120) color: inherit {speed: 4g, metrics: Array(3), scriptVersion: 0.1.3, sdkName: @vercel/speed-insights/astro, sdkVersion: 1.3.1} /_vercel/speed-insights/vitals @ https://va.vercel-scripts.com/v1/speed-insights/script.debug.js:0
[ 1558489ms] [LOG] %c[Vercel Speed Insights]%c [vitals] color: rgb(120, 120, 120) color: inherit {speed: 4g, metrics: Array(1), scriptVersion: 0.1.3, sdkName: @vercel/speed-insights/astro, sdkVersion: 1.3.1} /_vercel/speed-insights/vitals @ https://va.vercel-scripts.com/v1/speed-insights/script.debug.js:0
[ 1558748ms] [LOG] %c[Vercel Web Analytics]%c Debug mode is enabled by default in development. No requests will be sent to the server. color: rgb(120, 120, 120) color: inherit @ https://va.vercel-scripts.com/v1/script.debug.js:0
[ 1558748ms] [LOG] %c[Vercel Web Analytics]%c Running queued event color: rgb(120, 120, 120) color: inherit pageview {route: /, path: /} @ https://va.vercel-scripts.com/v1/script.debug.js:0
[ 1558748ms] [LOG] %c[Vercel Web Analytics]%c [view] http://localhost:4321/ color: rgb(120, 120, 120) color: inherit {o: http://localhost:4321/, sv: 0.1.3, sdkn: @vercel/analytics/astro, sdkv: 1.6.1, ts: 1778293783489} /_vercel/insights/view @ https://va.vercel-scripts.com/v1/script.debug.js:0
[ 1558748ms] [LOG] %c[Vercel Speed Insights]%c Debug mode is enabled by default in development. No requests will be sent to the server. color: rgb(120, 120, 120) color: inherit @ https://va.vercel-scripts.com/v1/speed-insights/script.debug.js:0
[ 1561727ms] [LOG] %c[Vercel Speed Insights]%c [vitals] color: rgb(120, 120, 120) color: inherit {speed: 4g, metrics: Array(3), scriptVersion: 0.1.3, sdkName: @vercel/speed-insights/astro, sdkVersion: 1.3.1} /_vercel/speed-insights/vitals @ https://va.vercel-scripts.com/v1/speed-insights/script.debug.js:0
[ 1561727ms] [LOG] %c[Vercel Speed Insights]%c [vitals] color: rgb(120, 120, 120) color: inherit {speed: 4g, metrics: Array(1), scriptVersion: 0.1.3, sdkName: @vercel/speed-insights/astro, sdkVersion: 1.3.1} /_vercel/speed-insights/vitals @ https://va.vercel-scripts.com/v1/speed-insights/script.debug.js:0
[ 1562041ms] [ERROR] Failed to load resource: the server responded with a status of 500 (Internal Server Error) @ http://localhost:4321/src/components/Header.astro?astro&type=script&index=0&lang.ts:0
[ 1562122ms] [LOG] %c[Vercel Web Analytics]%c Debug mode is enabled by default in development. No requests will be sent to the server. color: rgb(120, 120, 120) color: inherit @ https://va.vercel-scripts.com/v1/script.debug.js:0
[ 1562122ms] [LOG] %c[Vercel Web Analytics]%c Running queued event color: rgb(120, 120, 120) color: inherit pageview {route: /, path: /} @ https://va.vercel-scripts.com/v1/script.debug.js:0
[ 1562122ms] [LOG] %c[Vercel Web Analytics]%c [view] http://localhost:4321/ color: rgb(120, 120, 120) color: inherit {o: http://localhost:4321/, sv: 0.1.3, sdkn: @vercel/analytics/astro, sdkv: 1.6.1, ts: 1778293786862} /_vercel/insights/view @ https://va.vercel-scripts.com/v1/script.debug.js:0
[ 1562122ms] [LOG] %c[Vercel Speed Insights]%c Debug mode is enabled by default in development. No requests will be sent to the server. color: rgb(120, 120, 120) color: inherit @ https://va.vercel-scripts.com/v1/speed-insights/script.debug.js:0
[ 1562830ms] [LOG] %c[Vercel Speed Insights]%c [vitals] color: rgb(120, 120, 120) color: inherit {speed: 4g, metrics: Array(3), scriptVersion: 0.1.3, sdkName: @vercel/speed-insights/astro, sdkVersion: 1.3.1} /_vercel/speed-insights/vitals @ https://va.vercel-scripts.com/v1/speed-insights/script.debug.js:0
[ 1562830ms] [LOG] %c[Vercel Speed Insights]%c [vitals] color: rgb(120, 120, 120) color: inherit {speed: 4g, metrics: Array(1), scriptVersion: 0.1.3, sdkName: @vercel/speed-insights/astro, sdkVersion: 1.3.1} /_vercel/speed-insights/vitals @ https://va.vercel-scripts.com/v1/speed-insights/script.debug.js:0
[ 1563108ms] [LOG] %c[Vercel Web Analytics]%c Debug mode is enabled by default in development. No requests will be sent to the server. color: rgb(120, 120, 120) color: inherit @ https://va.vercel-scripts.com/v1/script.debug.js:0
[ 1563108ms] [LOG] %c[Vercel Web Analytics]%c Running queued event color: rgb(120, 120, 120) color: inherit pageview {route: /, path: /} @ https://va.vercel-scripts.com/v1/script.debug.js:0
[ 1563109ms] [LOG] %c[Vercel Web Analytics]%c [view] http://localhost:4321/ color: rgb(120, 120, 120) color: inherit {o: http://localhost:4321/, sv: 0.1.3, sdkn: @vercel/analytics/astro, sdkv: 1.6.1, ts: 1778293787849} /_vercel/insights/view @ https://va.vercel-scripts.com/v1/script.debug.js:0
[ 1563109ms] [LOG] %c[Vercel Speed Insights]%c Debug mode is enabled by default in development. No requests will be sent to the server. color: rgb(120, 120, 120) color: inherit @ https://va.vercel-scripts.com/v1/speed-insights/script.debug.js:0
[ 1579812ms] [LOG] %c[Vercel Speed Insights]%c [vitals] color: rgb(120, 120, 120) color: inherit {speed: 4g, metrics: Array(3), scriptVersion: 0.1.3, sdkName: @vercel/speed-insights/astro, sdkVersion: 1.3.1} /_vercel/speed-insights/vitals @ https://va.vercel-scripts.com/v1/speed-insights/script.debug.js:0
[ 1579812ms] [LOG] %c[Vercel Speed Insights]%c [vitals] color: rgb(120, 120, 120) color: inherit {speed: 4g, metrics: Array(1), scriptVersion: 0.1.3, sdkName: @vercel/speed-insights/astro, sdkVersion: 1.3.1} /_vercel/speed-insights/vitals @ https://va.vercel-scripts.com/v1/speed-insights/script.debug.js:0
[ 1580038ms] [LOG] %c[Vercel Web Analytics]%c Debug mode is enabled by default in development. No requests will be sent to the server. color: rgb(120, 120, 120) color: inherit @ https://va.vercel-scripts.com/v1/script.debug.js:0
[ 1580038ms] [LOG] %c[Vercel Web Analytics]%c Running queued event color: rgb(120, 120, 120) color: inherit pageview {route: /, path: /} @ https://va.vercel-scripts.com/v1/script.debug.js:0
[ 1580039ms] [LOG] %c[Vercel Web Analytics]%c [view] http://localhost:4321/ color: rgb(120, 120, 120) color: inherit {o: http://localhost:4321/, sv: 0.1.3, sdkn: @vercel/analytics/astro, sdkv: 1.6.1, ts: 1778293804779} /_vercel/insights/view @ https://va.vercel-scripts.com/v1/script.debug.js:0
[ 1580039ms] [LOG] %c[Vercel Speed Insights]%c Debug mode is enabled by default in development. No requests will be sent to the server. color: rgb(120, 120, 120) color: inherit @ https://va.vercel-scripts.com/v1/speed-insights/script.debug.js:0
[ 1581600ms] [LOG] %c[Vercel Speed Insights]%c [vitals] color: rgb(120, 120, 120) color: inherit {speed: 4g, metrics: Array(3), scriptVersion: 0.1.3, sdkName: @vercel/speed-insights/astro, sdkVersion: 1.3.1} /_vercel/speed-insights/vitals @ https://va.vercel-scripts.com/v1/speed-insights/script.debug.js:0
[ 1581601ms] [LOG] %c[Vercel Speed Insights]%c [vitals] color: rgb(120, 120, 120) color: inherit {speed: 4g, metrics: Array(1), scriptVersion: 0.1.3, sdkName: @vercel/speed-insights/astro, sdkVersion: 1.3.1} /_vercel/speed-insights/vitals @ https://va.vercel-scripts.com/v1/speed-insights/script.debug.js:0
[ 1581895ms] [LOG] %c[Vercel Web Analytics]%c Debug mode is enabled by default in development. No requests will be sent to the server. color: rgb(120, 120, 120) color: inherit @ https://va.vercel-scripts.com/v1/script.debug.js:0
[ 1581895ms] [LOG] %c[Vercel Web Analytics]%c Running queued event color: rgb(120, 120, 120) color: inherit pageview {route: /, path: /} @ https://va.vercel-scripts.com/v1/script.debug.js:0
[ 1581895ms] [LOG] %c[Vercel Web Analytics]%c [view] http://localhost:4321/ color: rgb(120, 120, 120) color: inherit {o: http://localhost:4321/, sv: 0.1.3, sdkn: @vercel/analytics/astro, sdkv: 1.6.1, ts: 1778293806636} /_vercel/insights/view @ https://va.vercel-scripts.com/v1/script.debug.js:0
[ 1581895ms] [LOG] %c[Vercel Speed Insights]%c Debug mode is enabled by default in development. No requests will be sent to the server. color: rgb(120, 120, 120) color: inherit @ https://va.vercel-scripts.com/v1/speed-insights/script.debug.js:0
[ 1587324ms] [LOG] %c[Vercel Speed Insights]%c [vitals] color: rgb(120, 120, 120) color: inherit {speed: 4g, metrics: Array(3), scriptVersion: 0.1.3, sdkName: @vercel/speed-insights/astro, sdkVersion: 1.3.1} /_vercel/speed-insights/vitals @ https://va.vercel-scripts.com/v1/speed-insights/script.debug.js:0
[ 1587325ms] [LOG] %c[Vercel Speed Insights]%c [vitals] color: rgb(120, 120, 120) color: inherit {speed: 4g, metrics: Array(1), scriptVersion: 0.1.3, sdkName: @vercel/speed-insights/astro, sdkVersion: 1.3.1} /_vercel/speed-insights/vitals @ https://va.vercel-scripts.com/v1/speed-insights/script.debug.js:0
[ 1587598ms] [LOG] %c[Vercel Web Analytics]%c Debug mode is enabled by default in development. No requests will be sent to the server. color: rgb(120, 120, 120) color: inherit @ https://va.vercel-scripts.com/v1/script.debug.js:0
[ 1587598ms] [LOG] %c[Vercel Web Analytics]%c Running queued event color: rgb(120, 120, 120) color: inherit pageview {route: /, path: /} @ https://va.vercel-scripts.com/v1/script.debug.js:0
[ 1587598ms] [LOG] %c[Vercel Web Analytics]%c [view] http://localhost:4321/ color: rgb(120, 120, 120) color: inherit {o: http://localhost:4321/, sv: 0.1.3, sdkn: @vercel/analytics/astro, sdkv: 1.6.1, ts: 1778293812338} /_vercel/insights/view @ https://va.vercel-scripts.com/v1/script.debug.js:0
[ 1587598ms] [LOG] %c[Vercel Speed Insights]%c Debug mode is enabled by default in development. No requests will be sent to the server. color: rgb(120, 120, 120) color: inherit @ https://va.vercel-scripts.com/v1/speed-insights/script.debug.js:0
